#-----------------------------------------------------------
# Vivado v2024.2 (64-bit)
# SW Build 5239630 on Fri Nov 08 22:34:34 MST 2024
# IP Build 5239520 on Sun Nov 10 16:12:51 MST 2024
# SharedData Build 5239561 on Fri Nov 08 14:39:27 MST 2024
# Start of session at: Sat Jul 12 02:03:45 2025
# Process ID         : 2505589
# Current directory  : /home/katta/fyp/RISC_CPU/RISC_CPU.runs/impl_1
# Command line       : vivado -log cpu_fpga.vdi -applog -product Vivado -messageDb vivado.pb -mode batch -source cpu_fpga.tcl -notrace
# Log file           : /home/katta/fyp/RISC_CPU/RISC_CPU.runs/impl_1/cpu_fpga.vdi
# Journal file       : /home/katta/fyp/RISC_CPU/RISC_CPU.runs/impl_1/vivado.jou
# Running On         : kyumaru
# Platform           : Ubuntu
# Operating System   : Ubuntu 24.04.2 LTS
# Processor Detail   : Intel(R) Xeon(R) CPU E5-1630 v3 @ 3.70GHz
# CPU Frequency      : 3791.504 MHz
# CPU Physical cores : 4
# CPU Logical cores  : 8
# Host memory        : 33567 MB
# Swap memory        : 146028 MB
# Total Virtual      : 179595 MB
# Available Virtual  : 161251 MB
#-----------------------------------------------------------
source cpu_fpga.tcl -notrace
